// Jest Snapshot v1, https://goo.gl/fbAQLP

exports[`Correct Rendered 1`] = `
<RCTScrollView>
  <View>
    <View
      style={
        Array [
          Object {
            "backgroundColor": "#fff",
          },
          Object {
            "backgroundColor": "white",
          },
        ]
      }
    >
      <View
        style={
          Array [
            Object {
              "backgroundColor": "#fff",
            },
            Object {
              "alignItems": "center",
              "backgroundColor": "white",
              "paddingBottom": "5%",
            },
          ]
        }
      >
        <Text
          style={
            Array [
              Object {
                "color": "#000",
              },
              Object {
                "color": "black",
                "fontSize": 25,
                "fontWeight": "bold",
                "paddingBottom": "10%",
                "paddingTop": "15%",
              },
            ]
          }
        >
          Gas Station Info
        </Text>
        <Text
          style={
            Array [
              Object {
                "color": "#000",
              },
              Object {
                "color": "black",
                "fontSize": 20,
                "fontWeight": "bold",
              },
            ]
          }
        >
          <View
            style={
              Object {
                "overflow": "hidden",
              }
            }
          >
            <View
              accessible={true}
              focusable={true}
              onClick={[Function]}
              onResponderGrant={[Function]}
              onResponderMove={[Function]}
              onResponderRelease={[Function]}
              onResponderTerminate={[Function]}
              onResponderTerminationRequest={[Function]}
              onStartShouldSetResponder={[Function]}
            >
              <View
                style={
                  Object {
                    "alignItems": "center",
                    "backgroundColor": "transparent",
                    "justifyContent": "center",
                  }
                }
              >
                <Text />
              </View>
            </View>
          </View>
        </Text>
      </View>
      <View
        style={
          Array [
            Object {
              "backgroundColor": "#fff",
            },
            Object {
              "backgroundColor": "white",
              "flexDirection": "row",
            },
          ]
        }
      >
        <Text
          style={
            Array [
              Object {
                "color": "#000",
              },
              Object {
                "color": "black",
                "fontSize": 23,
                "fontWeight": "bold",
                "paddingBottom": "5%",
                "paddingLeft": "5%",
                "paddingTop": "5%",
              },
            ]
          }
        >
          Services: 
        </Text>
        <RCTScrollView
          horizontal={true}
          style={
            Object {
              "backgroundColor": "white",
              "flexDirection": "row",
              "paddingTop": "2.5%",
            }
          }
        >
          <View>
            <Text
              style={
                Array [
                  Object {
                    "color": "#000",
                  },
                  Object {
                    "color": "black",
                  },
                ]
              }
            >
              Indefinido
            </Text>
          </View>
        </RCTScrollView>
      </View>
      <View
        style={
          Array [
            Object {
              "backgroundColor": "#fff",
            },
            Object {
              "backgroundColor": "white",
              "flexDirection": "row",
            },
          ]
        }
      >
        <Text
          style={
            Array [
              Object {
                "color": "#000",
              },
              Object {
                "color": "black",
                "fontSize": 23,
                "fontWeight": "bold",
                "paddingBottom": "5%",
                "paddingLeft": "5%",
                "paddingTop": "5%",
              },
            ]
          }
        >
          Schedule:
        </Text>
        <View
          style={
            Array [
              Object {
                "backgroundColor": "#fff",
              },
              Object {
                "backgroundColor": "white",
                "flexDirection": "row",
                "paddingLeft": "2.5%",
                "paddingTop": "5%",
              },
            ]
          }
        >
          <Text
            style={
              Array [
                Object {
                  "color": "#000",
                },
                Object {
                  "color": "black",
                  "fontSize": 17,
                },
              ]
            }
          >
            
          </Text>
        </View>
      </View>
      <View
        style={
          Array [
            Object {
              "backgroundColor": "#fff",
            },
            Object {
              "backgroundColor": "white",
            },
          ]
        }
      >
        <Text
          style={
            Array [
              Object {
                "color": "#000",
              },
              Object {
                "color": "black",
                "fontSize": 23,
                "fontWeight": "bold",
                "paddingBottom": "5%",
                "paddingLeft": "5%",
                "paddingTop": "5%",
              },
            ]
          }
        >
          Available fuel:
        </Text>
        <View
          style={
            Array [
              Object {
                "backgroundColor": "#fff",
              },
              Object {
                "backgroundColor": "white",
                "flexDirection": "row",
              },
            ]
          }
        >
          <Text
            style={
              Array [
                Object {
                  "color": "#000",
                },
                Object {
                  "color": "black",
                },
              ]
            }
          >
            Indefinido
          </Text>
        </View>
      </View>
      <View
        style={
          Array [
            Object {
              "backgroundColor": "#fff",
            },
            Object {
              "backgroundColor": "white",
            },
          ]
        }
      >
        <Text
          style={
            Array [
              Object {
                "color": "#000",
              },
              Object {
                "color": "black",
                "fontSize": 23,
                "fontWeight": "bold",
                "paddingBottom": "5%",
                "paddingLeft": "5%",
                "paddingTop": "5%",
              },
            ]
          }
        >
          Latest prices:
        </Text>
        <View
          style={
            Array [
              Object {
                "backgroundColor": "#fff",
              },
              Object {
                "backgroundColor": "white",
                "flexDirection": "row",
                "height": 300,
                "width": "100%",
              },
            ]
          }
        >
          <View
            style={
              Array [
                undefined,
              ]
            }
          >
            <View
              onLayout={[Function]}
              style={
                Object {
                  "flexGrow": 1,
                }
              }
            >
              <Text
                style={
                  Object {
                    "fontFamily": undefined,
                    "fontSize": 10,
                    "fontWeight": undefined,
                    "opacity": 0,
                  }
                }
              >
                1.12â‚¬
              </Text>
            </View>
          </View>
          <View
            style={
              Object {
                "marginHorizontal": -10,
              }
            }
          >
            <View
              onLayout={[Function]}
              style={
                Object {
                  "flexGrow": 1,
                }
              }
            >
              <Text
                style={
                  Object {
                    "fontFamily": undefined,
                    "fontSize": 10,
                    "fontWeight": undefined,
                    "opacity": 0,
                  }
                }
              >
                Day 0
              </Text>
            </View>
          </View>
          <View
            style={
              Object {
                "flex": 1,
                "marginLeft": 16,
              }
            }
          >
            <View
              onLayout={[Function]}
              style={
                Object {
                  "flex": 1,
                }
              }
            />
          </View>
        </View>
      </View>
      <View
        style={
          Array [
            Object {
              "backgroundColor": "#fff",
            },
            Object {
              "backgroundColor": "white",
              "flexDirection": "row",
              "justifyContent": "center",
            },
          ]
        }
      >
        <Modal
          animationType="slide"
          hardwareAccelerated={false}
          onRequestClose={[Function]}
          transparent={true}
          visible={false}
        >
          <View
            style={
              Array [
                Object {
                  "backgroundColor": "#fff",
                },
                Object {
                  "alignItems": "center",
                  "backgroundColor": "transparent",
                  "flex": 1,
                  "justifyContent": "center",
                  "marginTop": 22,
                },
              ]
            }
          >
            <View
              style={
                Array [
                  Object {
                    "backgroundColor": "#fff",
                  },
                  Object {
                    "alignItems": "center",
                    "backgroundColor": "white",
                    "borderRadius": 20,
                    "elevation": 5,
                    "margin": 20,
                    "padding": 35,
                    "shadowColor": "#000",
                    "shadowOffset": Object {
                      "height": 2,
                      "width": 0,
                    },
                    "shadowOpacity": 0.25,
                    "shadowRadius": 3.84,
                  },
                ]
              }
            >
              <Text
                style={
                  Array [
                    Object {
                      "color": "#000",
                    },
                    Object {
                      "color": "black",
                    },
                  ]
                }
              >
                Select the fuel and type the price
              </Text>
              <View
                style={
                  Object {
                    "height": 200,
                    "width": 200,
                  }
                }
              >
                <RCTPicker
                  items={
                    Array [
                      Object {
                        "label": "Gas",
                        "textColor": undefined,
                        "value": "Gas",
                      },
                      Object {
                        "label": "Gas Premium",
                        "textColor": undefined,
                        "value": "Gasp",
                      },
                      Object {
                        "label": "Diesel",
                        "textColor": undefined,
                        "value": "Diesel",
                      },
                      Object {
                        "label": "Diesel Premium",
                        "textColor": undefined,
                        "value": "Dieselp",
                      },
                    ]
                  }
                  onChange={[Function]}
                  selectedIndex={0}
                  style={
                    Array [
                      Object {
                        "height": 216,
                      },
                      undefined,
                    ]
                  }
                />
              </View>
              <TextInput
                allowFontScaling={true}
                keyboardType="decimal-pad"
                onChangeText={[Function]}
                rejectResponderTermination={true}
                style={
                  Object {
                    "borderColor": "gray",
                    "borderWidth": 1,
                    "fontSize": 22,
                    "height": 40,
                    "textAlign": "center",
                    "width": 200,
                  }
                }
                underlineColorAndroid="transparent"
                value=""
              />
              <View
                style={
                  Array [
                    Object {
                      "backgroundColor": "#fff",
                    },
                    Object {
                      "backgroundColor": "white",
                      "flexDirection": "row",
                      "justifyContent": "center",
                    },
                  ]
                }
              >
                <View
                  style={
                    Object {
                      "alignSelf": "center",
                      "backgroundColor": "yellow",
                      "borderRadius": 5,
                      "marginBottom": 50,
                      "marginTop": 10,
                      "overflow": "hidden",
                      "width": "40%",
                    }
                  }
                >
                  <View
                    accessibilityRole="button"
                    accessibilityState={
                      Object {
                        "busy": false,
                        "disabled": false,
                      }
                    }
                    accessible={true}
                    focusable={true}
                    onClick={[Function]}
                    onResponderGrant={[Function]}
                    onResponderMove={[Function]}
                    onResponderRelease={[Function]}
                    onResponderTerminate={[Function]}
                    onResponderTerminationRequest={[Function]}
                    onStartShouldSetResponder={[Function]}
                    style={
                      Object {
                        "opacity": 1,
                      }
                    }
                  >
                    <View
                      style={
                        Object {
                          "alignItems": "center",
                          "backgroundColor": "#2089dc",
                          "borderColor": "#2089dc",
                          "borderRadius": 3,
                          "borderWidth": 0,
                          "flexDirection": "row",
                          "justifyContent": "center",
                          "padding": 8,
                        }
                      }
                    >
                      <Text
                        style={
                          Object {
                            "color": "white",
                            "fontSize": 18,
                            "paddingVertical": 1,
                            "textAlign": "center",
                          }
                        }
                      >
                        Save
                      </Text>
                    </View>
                  </View>
                </View>
                <Text
                  style={
                    Array [
                      Object {
                        "color": "#000",
                      },
                      undefined,
                    ]
                  }
                >
                  	
                </Text>
                <View
                  style={
                    Object {
                      "alignSelf": "center",
                      "backgroundColor": "yellow",
                      "borderRadius": 5,
                      "marginBottom": 50,
                      "marginTop": 10,
                      "overflow": "hidden",
                      "width": "40%",
                    }
                  }
                >
                  <View
                    accessibilityRole="button"
                    accessibilityState={
                      Object {
                        "busy": false,
                        "disabled": false,
                      }
                    }
                    accessible={true}
                    focusable={true}
                    onClick={[Function]}
                    onResponderGrant={[Function]}
                    onResponderMove={[Function]}
                    onResponderRelease={[Function]}
                    onResponderTerminate={[Function]}
                    onResponderTerminationRequest={[Function]}
                    onStartShouldSetResponder={[Function]}
                    style={
                      Object {
                        "opacity": 1,
                      }
                    }
                  >
                    <View
                      style={
                        Object {
                          "alignItems": "center",
                          "backgroundColor": "#2089dc",
                          "borderColor": "#2089dc",
                          "borderRadius": 3,
                          "borderWidth": 0,
                          "flexDirection": "row",
                          "justifyContent": "center",
                          "padding": 8,
                        }
                      }
                    >
                      <Text
                        style={
                          Object {
                            "color": "white",
                            "fontSize": 18,
                            "paddingVertical": 1,
                            "textAlign": "center",
                          }
                        }
                      >
                        Cancel
                      </Text>
                    </View>
                  </View>
                </View>
              </View>
            </View>
          </View>
        </Modal>
        <View
          style={
            Object {
              "alignSelf": "center",
              "backgroundColor": "yellow",
              "borderRadius": 5,
              "marginBottom": 50,
              "marginTop": 10,
              "overflow": "hidden",
              "width": "40%",
            }
          }
        >
          <View
            accessibilityRole="button"
            accessibilityState={
              Object {
                "busy": false,
                "disabled": false,
              }
            }
            accessible={true}
            focusable={true}
            onClick={[Function]}
            onResponderGrant={[Function]}
            onResponderMove={[Function]}
            onResponderRelease={[Function]}
            onResponderTerminate={[Function]}
            onResponderTerminationRequest={[Function]}
            onStartShouldSetResponder={[Function]}
            style={
              Object {
                "opacity": 1,
              }
            }
          >
            <View
              style={
                Object {
                  "alignItems": "center",
                  "backgroundColor": "#2089dc",
                  "borderColor": "#2089dc",
                  "borderRadius": 3,
                  "borderWidth": 0,
                  "flexDirection": "row",
                  "justifyContent": "center",
                  "padding": 8,
                }
              }
            >
              <Text
                style={
                  Object {
                    "color": "white",
                    "fontSize": 18,
                    "paddingVertical": 1,
                    "textAlign": "center",
                  }
                }
              >
                Update price
              </Text>
            </View>
          </View>
        </View>
        <Text
          style={
            Array [
              Object {
                "color": "#000",
              },
              undefined,
            ]
          }
        >
          	
        </Text>
        <Modal
          animationType="slide"
          hardwareAccelerated={false}
          onRequestClose={[Function]}
          transparent={true}
          visible={false}
        >
          <View
            style={
              Array [
                Object {
                  "backgroundColor": "#fff",
                },
                Object {
                  "alignItems": "center",
                  "backgroundColor": "transparent",
                  "flex": 1,
                  "justifyContent": "center",
                  "marginTop": 22,
                },
              ]
            }
          >
            <View
              style={
                Array [
                  Object {
                    "backgroundColor": "#fff",
                  },
                  Object {
                    "alignItems": "center",
                    "backgroundColor": "white",
                    "borderRadius": 20,
                    "elevation": 5,
                    "margin": 20,
                    "padding": 35,
                    "shadowColor": "#000",
                    "shadowOffset": Object {
                      "height": 2,
                      "width": 0,
                    },
                    "shadowOpacity": 0.25,
                    "shadowRadius": 3.84,
                  },
                ]
              }
            >
              <Text
                style={
                  Array [
                    Object {
                      "color": "#000",
                    },
                    Object {
                      "color": "black",
                    },
                  ]
                }
              >
                What do you want to report?
              </Text>
              <View
                style={
                  Object {
                    "alignSelf": "center",
                    "backgroundColor": "yellow",
                    "borderRadius": 5,
                    "marginBottom": 50,
                    "marginTop": 10,
                    "overflow": "hidden",
                    "width": "40%",
                  }
                }
              >
                <View
                  accessibilityRole="button"
                  accessibilityState={
                    Object {
                      "busy": false,
                      "disabled": false,
                    }
                  }
                  accessible={true}
                  focusable={true}
                  onClick={[Function]}
                  onResponderGrant={[Function]}
                  onResponderMove={[Function]}
                  onResponderRelease={[Function]}
                  onResponderTerminate={[Function]}
                  onResponderTerminationRequest={[Function]}
                  onStartShouldSetResponder={[Function]}
                  style={
                    Object {
                      "opacity": 1,
                    }
                  }
                >
                  <View
                    style={
                      Object {
                        "alignItems": "center",
                        "backgroundColor": "#2089dc",
                        "borderColor": "#2089dc",
                        "borderRadius": 3,
                        "borderWidth": 0,
                        "flexDirection": "row",
                        "justifyContent": "center",
                        "padding": 8,
                      }
                    }
                  >
                    <Text
                      style={
                        Object {
                          "color": "white",
                          "fontSize": 18,
                          "paddingVertical": 1,
                          "textAlign": "center",
                        }
                      }
                    >
                      Nothing, thank you!
                    </Text>
                  </View>
                </View>
              </View>
            </View>
          </View>
        </Modal>
        <View
          style={
            Object {
              "alignSelf": "center",
              "backgroundColor": "yellow",
              "borderRadius": 5,
              "marginBottom": 50,
              "marginTop": 10,
              "overflow": "hidden",
              "width": "40%",
            }
          }
        >
          <View
            accessibilityRole="button"
            accessibilityState={
              Object {
                "busy": false,
                "disabled": false,
              }
            }
            accessible={true}
            focusable={true}
            onClick={[Function]}
            onResponderGrant={[Function]}
            onResponderMove={[Function]}
            onResponderRelease={[Function]}
            onResponderTerminate={[Function]}
            onResponderTerminationRequest={[Function]}
            onStartShouldSetResponder={[Function]}
            style={
              Object {
                "opacity": 1,
              }
            }
          >
            <View
              style={
                Object {
                  "alignItems": "center",
                  "backgroundColor": "#2089dc",
                  "borderColor": "#2089dc",
                  "borderRadius": 3,
                  "borderWidth": 0,
                  "flexDirection": "row",
                  "justifyContent": "center",
                  "padding": 8,
                }
              }
            >
              <Text
                style={
                  Object {
                    "color": "white",
                    "fontSize": 18,
                    "paddingVertical": 1,
                    "textAlign": "center",
                  }
                }
              >
                Report problem
              </Text>
            </View>
          </View>
        </View>
      </View>
    </View>
  </View>
</RCTScrollView>
`;
